03a_fasta_trim_reads/10.barcode87.PAS69714.EXP-PBC096.porechop.fa
03a_fasta_trim_reads/11.barcode04.PAS69714.EXP-PBC096.porechop.fa
03a_fasta_trim_reads/13.barcode16.PAS69714.EXP-PBC096.porechop.fa
03a_fasta_trim_reads/1F.barcode38.PAS69714.EXP-PBC096.porechop.fa
03a_fasta_trim_reads/1L.barcode01.PAS69714.EXP-PBC096.porechop.fa
03a_fasta_trim_reads/25F.barcode74.PAS69714.EXP-PBC096.porechop.fa
03a_fasta_trim_reads/25L.barcode37.PAS69714.EXP-PBC096.porechop.fa
03a_fasta_trim_reads/26F.barcode86.PAS69714.EXP-PBC096.porechop.fa
03a_fasta_trim_reads/26L.barcode49.PAS69714.EXP-PBC096.porechop.fa
03a_fasta_trim_reads/27F.barcode03.PAS69714.EXP-PBC096.porechop.fa
03a_fasta_trim_reads/27L.barcode61.PAS69714.EXP-PBC096.porechop.fa
03a_fasta_trim_reads/2F.barcode50.PAS69714.EXP-PBC096.porechop.fa
03a_fasta_trim_reads/2L.barcode13.PAS69714.EXP-PBC096.porechop.fa
03a_fasta_trim_reads/31F.barcode15.PAS69714.EXP-PBC096.porechop.fa
03a_fasta_trim_reads/31L.barcode73.PAS69714.EXP-PBC096.porechop.fa
03a_fasta_trim_reads/32F.barcode27.PAS69714.EXP-PBC096.porechop.fa
03a_fasta_trim_reads/32L.barcode85.PAS69714.EXP-PBC096.porechop.fa
03a_fasta_trim_reads/33F.barcode39.PAS69714.EXP-PBC096.porechop.fa
03a_fasta_trim_reads/33L.barcode02.PAS69714.EXP-PBC096.porechop.fa
03a_fasta_trim_reads/37F.barcode51.PAS69714.EXP-PBC096.porechop.fa
03a_fasta_trim_reads/37L.barcode14.PAS69714.EXP-PBC096.porechop.fa
03a_fasta_trim_reads/38F.barcode63.PAS69714.EXP-PBC096.porechop.fa
03a_fasta_trim_reads/38L.barcode26.PAS69714.EXP-PBC096.porechop.fa
03a_fasta_trim_reads/3F.barcode62.PAS69714.EXP-PBC096.porechop.fa
03a_fasta_trim_reads/3L.barcode25.PAS69714.EXP-PBC096.porechop.fa
03a_fasta_trim_reads/8.barcode75.PAS69714.EXP-PBC096.porechop.fa
03a_fasta_trim_reads/PCR-neg.barcode40.PAS69714.EXP-PBC096.porechop.fa
03a_fasta_trim_reads/PCR-pos.barcode28.PAS69714.EXP-PBC096.porechop.fa
